// Vitest Snapshot v1, https://vitest.dev/guide/snapshot.html

exports[`ci-inventory > workflow inventory snapshot 1`] = `
{
  "_aws-fastlane.yml": "AWS Fastlane",
  "_ci-shared.yml": "Shared CI runner with fallback",
  "_ci-try-selfhosted.yml": null,
  "_reusable-node.yml": "Node build",
  "_setup.yml": "Setup",
  "action-validators.yml": "action validators",
  "actionlint.yml": "Actionlint",
  "actions-ci-lint.yml": "actions-ci-lint",
  "affected.yml": "affected-builds",
  "artifact-guard.yml": "backend-dist artifact guard",
  "artifacts.yml": "build-artifacts",
  "auto_rebase_merge_queue.yml": "Auto Rebase and Merge Queue",
  "aws-ec2-runner.yml": "AWS Ephemeral EC2 Runner",
  "aws-gap-report.yml": "AWS Gap Report",
  "aws-runner-health.yml": "AWS runner health check",
  "aws-runner-heartbeat.yml": "AWS runner heartbeat",
  "backend-only-ci.yml": "Backend Only CI",
  "backend-tests.yml": "Backend Tests",
  "binary-scan.yml": "binary scan",
  "build-and-artifacts.yml": "Build and Artifacts",
  "build-frontend.yml": "Build frontend",
  "cache-primer.yml": "Cache primer",
  "cache-validator.yml": null,
  "cache-warmup.yml": "cache-warmup",
  "cf-dist-fallback.yml": "Cloudflare dist fallback (manual/cron)",
  "cf-pages-preflight.yml": "CF Pages Preflight",
  "cf-pages-preview.yml": "Cloudflare Pages Preview",
  "check-watchdog.yml": "Check Watchdog",
  "ci-aggregate.yml": "Full CI Aggregate",
  "ci-audit.yml": "CI Workflow Coverage Auditor",
  "ci-aws-oidc-check.yml": "ci-aws-oidc-check",
  "ci-aws-sanity.yml": "AWS CI Sanity",
  "ci-burst-probe.yml": "CI Burst Probe",
  "ci-canary.yml": "CI Canary (Self-hosted start latency)",
  "ci-coverage.yml": "ci-coverage",
  "ci-duration-guard.yml": "ci-duration-guard",
  "ci-env.yml": "CI environment versions",
  "ci-fast-lane.yml": "CI Fast Lane",
  "ci-full-lane.yml": "CI Full Lane",
  "ci-full-suite-compat.yml": "ci-full-suite-compat",
  "ci-full.yml": "CI Full Lane",
  "ci-gate.yml": "CI Gate",
  "ci-generate-from-discovery.yml": null,
  "ci-inventory-comment.yml": "CI Inventory Comment",
  "ci-inventory.yml": "CI Inventory",
  "ci-metrics-emit-smoke.yml": "CI Metrics Emit Smoke",
  "ci-nightly-full.yml": "Nightly Full CI",
  "ci-parity-guard.yml": "CI parity guard",
  "ci-poke.yml": "CI Poke",
  "ci-probe.yml": "CI Probe",
  "ci-queue-metrics.yml": "CI Queue Metrics",
  "ci-queue-monitor.yml": "CI Queue Monitor",
  "ci-rerun-slow.yml": null,
  "ci-router.yml": "CI Router",
  "ci-routing.yml": "CI Routing",
  "ci-runner-chaos-monkey.yml": "CI runner chaos monkey",
  "ci-runner-labels.yml": "Runner Label Guard",
  "ci-sanity.yml": "CI Sanity Guard",
  "ci-secrets-audit.yml": "CI Secrets Audit",
  "ci-secrets-sentinel.yml": "CI Secrets Sentinel",
  "ci-slash-commands.yml": "ci-slash-commands",
  "ci-slo-watchdog.yml": "CI SLO Watchdog",
  "ci-sparse-checkout.yml": "ci-sparse",
  "ci-suite-restorer.yml": null,
  "ci-suites-guard.yml": "CI Suites Guard",
  "ci-trigger-auditor.yml": "CI Trigger Auditor",
  "ci-validate-actions.yml": "ci:validate-actions",
  "ci-watchdog.yml": "CI Watchdog",
  "ci-workflow-recovery.yml": "CI Workflow Recovery",
  "ci.yml": null,
  "cloudflare-pages-artifact.yml": "Cloudflare Pages Artifact",
  "cloudflare-pages-deploy.yml": "Cloudflare Pages Deploy",
  "cloudflare-pages.yml": "Cloudflare Pages",
  "cloudflare-preview.yml": "Cloudflare Preview",
  "codeql-analysis.yml": "CodeQL analysis",
  "codeql.yml": "CodeQL",
  "collect-artifacts.yml": "Collect Failed Logs",
  "conflict-radar.yml": "conflict-radar",
  "conventional-commits.yml": "Conventional Commits",
  "coverage-watchdog.yml": "Coverage Watchdog",
  "coverage.yml": "Coverage",
  "coveralls-upload.yml": "Coveralls Upload",
  "coveralls.yml": "Coveralls",
  "db-backup.yml": "DB Backup",
  "debug-queue.yml": "Debug Queue",
  "dependency-checker.yml": "dependency-checker",
  "dependency-review.yml": "Dependency Review",
  "deploy-backend-ecs.yml": "deploy-backend-ecs",
  "deploy-frontend-static.yml": "Deploy frontend static",
  "deploy-pages.yml": "Deploy Pages",
  "deploy.yml": "Deploy",
  "destroy-selfhosted-runner.yml": "Destroy self-hosted runner",
  "diagnostics-dist-check.yml": "diagnostics-dist-check",
  "diagnostics.yml": "Diagnostics",
  "diff-summary.yml": "Diff Summary",
  "docker-build.yml": "Docker Build",
  "docker-prune.yml": "Docker prune",
  "docs-automerge.yml": "Docs automerge",
  "e2e-playwright.yml": "e2e Playwright",
  "endpoint-health.yml": "Endpoint Health",
  "ensure_server_boots_185ecc2b50.yml": "Ensure Server Boots",
  "env-parity.yml": "Environment parity",
  "ephemeral-runner-dispatch.yml": "Ephemeral runner dispatch",
  "eslint-diagnostics.yml": "ESLint Diagnostics",
  "eslint.yml": "ESLint",
  "frontend-build.yml": "Frontend build",
  "frontend-dist-check.yml": "frontend-dist-check",
  "frontend-dry-build.yml": "Frontend dry build",
  "frontend-local-build.yml": "Frontend dist local build",
  "full-lane-sentry.yml": "Full Lane Sentry",
  "full-lane-smoke.yml": "CI Full Lane Smoke",
  "glb-ci-alerts-938dhf.yml": "Playwright Failure Alerts",
  "glb-tests.yml": null,
  "go-cache.yml": "Go CI with cache",
  "guardrails.yml": "guardrails",
  "healthz-contract.yml": "Healthz Contract",
  "infra-selfcheck.yml": "Infra Selfcheck",
  "inventory.yml": "Inventory tests",
  "jest-early-warning.yml": "Jest Early Warning",
  "jest-open-handles.yml": "Jest open handles",
  "json-validate.yml": "JSON validate",
  "junit-artifacts.yml": "junit artifacts",
  "labeler.yml": "PR Labeler",
  "labels.yml": "Determine Runner",
  "large-file-guard.yml": "Large File Guard",
  "lfs-enforce.yml": "LFS enforce / lfs-enforce",
  "lfs-guard.yml": "LFS guard / lfs-guard",
  "license-scan.yml": "License Scan",
  "lighthouse.yml": "Lighthouse",
  "lint.yml": "Lint",
  "load-test.yml": "Load Test",
  "lockfile-drift.yml": "Lockfile drift",
  "md-link-check.yml": "Markdown link check",
  "nightly-warmup.yml": "nightly-cache-warmup",
  "nightly.yml": "Nightly CI",
  "nock-report.yml": "nock report",
  "node-workflow-smoke.yml": "Node workflow smoke",
  "node.yml": "Node CI",
  "nx-optional.yml": "Nx optional",
  "openapi-lint.yml": "OpenAPI Lint",
  "ops-report.yml": "Weekly Operations Report",
  "package-helm.yml": "Package Helm Chart",
  "packer-build.yml": "build-runner-ami",
  "pages-artifact-deploy.yml": "Deploy Pages artifact",
  "pages-deploy.yml": "Pages Deploy",
  "pages-preflight.yml": "Pages Preflight",
  "pages-url-comment.yml": "Pages URL Comment",
  "pipeline-deadlock-check.yml": "Pipeline Deadlock Check",
  "pipeline-smoke.yml": "Full Pipeline Smoke Test",
  "playwright-browsers-cache.yml": null,
  "pnpm-guard.yml": "pnpm guard",
  "pnpm-lock-enforcer.yml": "pnpm lockfile enforcer",
  "pnpm-lock-sync.yml": "Sync pnpm lockfile",
  "pnpm-policy.yml": "pnpm policy",
  "pnpm-sentinel.yml": "pnpm sentinel",
  "post-mortem-report.yml": null,
  "pr-path-filters.yml": "pr-path-filters",
  "preflight.yml": "Preflight",
  "preview-deploy.yml": "Preview Deploy",
  "printclub-reminders.yml": "print2 Pro Reminders",
  "priority.yml": "Priority",
  "prod-env-guard.yml": "Prod Env Guard",
  "prompt-drift-check.yml": "Prompt Drift Check",
  "provision-runners.yml": "provision-runners",
  "provision-selfhosted-runner.yml": "Provision self-hosted runner",
  "python-pip.yml": "Python pip cache",
  "queue-probe.yml": "Queue Probe",
  "queue-watchdog.yml": "Queue Watchdog",
  "regression-guard.yml": "regression-guard",
  "regression.yml": "High-Fidelity Regression",
  "release-drafter.yml": "Release Drafter",
  "reset-credits.yml": "Reset Credits",
  "reusable-test-job.yml": "Reusable Test Job",
  "runner-autoscaler-deploy.yml": "Runner Autoscaler Deploy",
  "runner-parity-guard.yml": "Runner parity guard",
  "runner-parity.yml": "Runner parity check",
  "runner-probe.yml": "Runner probe",
  "runner-scheduler.yml": "Runner Scheduler",
  "runner-watchdog.yml": "Runner watchdog",
  "rust-sccache.yml": "Rust sccache",
  "scale-in-idle.yml": "Scale in self-hosted runners when idle",
  "scale-on-queue.yml": null,
  "scale-out-on-queue.yml": "Scale out self-hosted runner on queue",
  "schedule-check.yml": "Check HF Space Sleep",
  "secret-scan.yml": "Secret Scan",
  "secrets-sentinel.yml": "secrets sentinel",
  "self-hosted-runner-probe.yml": "self-hosted runner probe",
  "selfhosted-featuretest.yml": "Self-hosted Runner Feature Test",
  "selfhosted-guard.yml": "Self-hosted workflow guard",
  "selfhosted-prefer.yml": "Self-hosted preference",
  "selfhosted-probe.yml": "Self-hosted runner probe",
  "selfhosted-regression-guard.yml": "Self-hosted Runner Regression Guard",
  "size-monitor.yml": "Repository size monitor",
  "skip-heavy.yml": "Skip heavy",
  "smoke-backend.yml": "Backend Smoke",
  "smoke_test.yml": "Server Smoke Test",
  "spellcheck.yml": "Spellcheck",
  "submodules-shallow.yml": "submodules-shallow",
  "sync-labels.yml": "Sync Labels",
  "sync-space.yml": "Sync HF Space",
  "test-census.yml": "Test Census & Drift Auditor",
  "test-manifest-guard.yml": "Test manifest guard",
  "test-matrix.yml": "Test matrix",
  "test-rerun.yml": "Test rerun",
  "test-timeout.yml": "Test Timeout Guard",
  "test-watchdog.yml": "Test Watchdog (list & compare)",
  "turbo-cache.yml": "turbo-cache-ci",
  "typecheck.yml": "Typecheck",
  "update_locks.yml": "Update Locks",
  "verify-lockfile.yml": "Verify Lockfile",
  "vuln-scan.yml": "Vulnerability Scan",
  "warm-cache.yml": "Warm NPM cache",
  "web-matrix.yml": "web-matrix",
  "workflow-lint.yml": "Workflow lint",
  "workflow-structure-guard.yml": "Workflow structure guard",
  "yaml-lint.yml": "YAML lint",
  "yaml-validate.yml": "YAML Validate",
}
`;
